run_id=fs06-run repetition=1 requests=399 max_slip=100ms cancel_planned=0 slow_planned=0 prefix_sharing=0
schedule item=0 offset=184.401133ms input_tokens=84 max_tokens=106
schedule item=1 offset=591.500152ms input_tokens=103 max_tokens=84
schedule item=2 offset=935.022895ms input_tokens=189 max_tokens=151
schedule item=3 offset=1.857042406s input_tokens=101 max_tokens=184
schedule item=4 offset=1.97951802s input_tokens=250 max_tokens=84
schedule item=5 offset=2.248849761s input_tokens=313 max_tokens=128
schedule item=6 offset=2.787137162s input_tokens=174 max_tokens=46
schedule item=7 offset=3.23687361s input_tokens=190 max_tokens=192
schedule item=8 offset=3.352719712s input_tokens=134 max_tokens=115
schedule item=9 offset=3.446910362s input_tokens=218 max_tokens=151
schedule item=10 offset=3.760475198s input_tokens=135 max_tokens=183
schedule item=11 offset=3.856431472s input_tokens=247 max_tokens=168
schedule item=12 offset=4.418130874s input_tokens=179 max_tokens=106
schedule item=13 offset=4.580306348s input_tokens=177 max_tokens=126
schedule item=14 offset=5.057151576s input_tokens=154 max_tokens=142
schedule item=15 offset=5.086003445s input_tokens=228 max_tokens=125
schedule item=16 offset=5.197647138s input_tokens=228 max_tokens=137
schedule item=17 offset=5.240557865s input_tokens=163 max_tokens=89
schedule item=18 offset=5.300760109s input_tokens=128 max_tokens=19
schedule item=19 offset=5.318476197s input_tokens=165 max_tokens=190
schedule item=20 offset=5.339490737s input_tokens=170 max_tokens=178
schedule item=21 offset=5.397867216s input_tokens=176 max_tokens=92
schedule item=22 offset=5.399746125s input_tokens=137 max_tokens=202
schedule item=23 offset=5.427563481s input_tokens=161 max_tokens=176
schedule item=24 offset=5.437861449s input_tokens=118 max_tokens=116
schedule item=25 offset=5.473784307s input_tokens=213 max_tokens=170
schedule item=26 offset=5.478911155s input_tokens=143 max_tokens=149
schedule item=27 offset=5.489958487s input_tokens=199 max_tokens=130
schedule item=28 offset=5.567553897s input_tokens=16 max_tokens=136
schedule item=29 offset=5.73629702s input_tokens=80 max_tokens=158
schedule item=30 offset=5.767332922s input_tokens=114 max_tokens=256
schedule item=31 offset=5.783486943s input_tokens=208 max_tokens=184
schedule item=32 offset=5.811397782s input_tokens=97 max_tokens=180
schedule item=33 offset=5.885266462s input_tokens=292 max_tokens=154
schedule item=34 offset=6.032601989s input_tokens=141 max_tokens=187
schedule item=35 offset=6.039900881s input_tokens=125 max_tokens=167
schedule item=36 offset=6.042037953s input_tokens=145 max_tokens=162
schedule item=37 offset=6.044770109s input_tokens=27 max_tokens=179
schedule item=38 offset=6.076670968s input_tokens=130 max_tokens=167
schedule item=39 offset=6.089304223s input_tokens=165 max_tokens=158
schedule item=40 offset=6.131756831s input_tokens=173 max_tokens=116
schedule item=41 offset=6.20468513s input_tokens=202 max_tokens=166
schedule item=42 offset=6.314152627s input_tokens=95 max_tokens=120
schedule item=43 offset=6.335992533s input_tokens=54 max_tokens=132
schedule item=44 offset=6.382813197s input_tokens=127 max_tokens=125
schedule item=45 offset=6.462055549s input_tokens=170 max_tokens=171
schedule item=46 offset=6.527896019s input_tokens=156 max_tokens=73
schedule item=47 offset=6.542781573s input_tokens=195 max_tokens=101
schedule item=48 offset=6.564115657s input_tokens=170 max_tokens=76
schedule item=49 offset=6.57852132s input_tokens=110 max_tokens=175
schedule item=50 offset=6.618472867s input_tokens=149 max_tokens=165
schedule item=51 offset=6.655299182s input_tokens=149 max_tokens=145
schedule item=52 offset=6.689315626s input_tokens=74 max_tokens=53
schedule item=53 offset=6.696088662s input_tokens=156 max_tokens=141
schedule item=54 offset=6.744737528s input_tokens=202 max_tokens=165
schedule item=55 offset=6.748002496s input_tokens=223 max_tokens=181
schedule item=56 offset=6.776770277s input_tokens=59 max_tokens=172
schedule item=57 offset=6.867067435s input_tokens=188 max_tokens=113
schedule item=58 offset=6.885756025s input_tokens=135 max_tokens=236
schedule item=59 offset=6.963588617s input_tokens=173 max_tokens=113
schedule item=60 offset=6.964657661s input_tokens=138 max_tokens=162
schedule item=61 offset=7.032114593s input_tokens=114 max_tokens=176
schedule item=62 offset=7.039926141s input_tokens=80 max_tokens=82
schedule item=63 offset=7.051572162s input_tokens=189 max_tokens=145
schedule item=64 offset=7.053930357s input_tokens=245 max_tokens=205
schedule item=65 offset=7.062338779s input_tokens=112 max_tokens=285
schedule item=66 offset=7.141236863s input_tokens=51 max_tokens=60
schedule item=67 offset=7.213956171s input_tokens=121 max_tokens=79
schedule item=68 offset=7.233345891s input_tokens=199 max_tokens=83
schedule item=69 offset=7.272524526s input_tokens=113 max_tokens=128
schedule item=70 offset=7.29909147s input_tokens=227 max_tokens=158
schedule item=71 offset=7.299660261s input_tokens=123 max_tokens=64
schedule item=72 offset=7.30915367s input_tokens=158 max_tokens=141
schedule item=73 offset=7.313016998s input_tokens=160 max_tokens=170
schedule item=74 offset=7.321535331s input_tokens=122 max_tokens=132
schedule item=75 offset=7.378168687s input_tokens=267 max_tokens=101
schedule item=76 offset=7.624569386s input_tokens=135 max_tokens=186
schedule item=77 offset=7.656361144s input_tokens=170 max_tokens=130
schedule item=78 offset=7.671686799s input_tokens=153 max_tokens=46
schedule item=79 offset=7.769471624s input_tokens=170 max_tokens=154
schedule item=80 offset=7.774225132s input_tokens=214 max_tokens=141
schedule item=81 offset=7.793566034s input_tokens=147 max_tokens=156
schedule item=82 offset=7.798631518s input_tokens=173 max_tokens=244
schedule item=83 offset=7.816369909s input_tokens=129 max_tokens=177
schedule item=84 offset=7.818563803s input_tokens=97 max_tokens=158
schedule item=85 offset=7.827366056s input_tokens=276 max_tokens=139
schedule item=86 offset=7.841820825s input_tokens=179 max_tokens=211
schedule item=87 offset=7.843307019s input_tokens=210 max_tokens=68
schedule item=88 offset=7.863432571s input_tokens=198 max_tokens=202
schedule item=89 offset=7.946343236s input_tokens=162 max_tokens=148
schedule item=90 offset=7.979030486s input_tokens=144 max_tokens=189
schedule item=91 offset=7.980424069s input_tokens=218 max_tokens=119
schedule item=92 offset=8.079359555s input_tokens=180 max_tokens=153
schedule item=93 offset=8.121999438s input_tokens=113 max_tokens=209
schedule item=94 offset=8.150965535s input_tokens=53 max_tokens=132
schedule item=95 offset=8.227061555s input_tokens=135 max_tokens=223
schedule item=96 offset=8.239733974s input_tokens=236 max_tokens=201
schedule item=97 offset=8.268072965s input_tokens=169 max_tokens=90
schedule item=98 offset=8.306611718s input_tokens=174 max_tokens=149
schedule item=99 offset=8.31456199s input_tokens=242 max_tokens=122
schedule item=100 offset=8.323224403s input_tokens=227 max_tokens=160
schedule item=101 offset=8.353407678s input_tokens=177 max_tokens=103
schedule item=102 offset=8.357092004s input_tokens=76 max_tokens=107
schedule item=103 offset=8.393411357s input_tokens=147 max_tokens=81
schedule item=104 offset=8.470453197s input_tokens=23 max_tokens=189
schedule item=105 offset=8.473495404s input_tokens=202 max_tokens=175
schedule item=106 offset=8.495683693s input_tokens=127 max_tokens=200
schedule item=107 offset=8.523614781s input_tokens=200 max_tokens=249
schedule item=108 offset=8.529980749s input_tokens=121 max_tokens=85
schedule item=109 offset=8.530328007s input_tokens=171 max_tokens=260
schedule item=110 offset=8.596922907s input_tokens=131 max_tokens=137
schedule item=111 offset=8.800381835s input_tokens=97 max_tokens=100
schedule item=112 offset=8.820257473s input_tokens=94 max_tokens=183
schedule item=113 offset=8.842877377s input_tokens=176 max_tokens=136
schedule item=114 offset=8.846151219s input_tokens=212 max_tokens=215
schedule item=115 offset=8.853105107s input_tokens=207 max_tokens=121
schedule item=116 offset=8.899755468s input_tokens=95 max_tokens=201
schedule item=117 offset=8.902161916s input_tokens=104 max_tokens=112
schedule item=118 offset=8.931032783s input_tokens=142 max_tokens=78
schedule item=119 offset=8.999376011s input_tokens=169 max_tokens=114
schedule item=120 offset=9.010898478s input_tokens=125 max_tokens=207
schedule item=121 offset=9.040993245s input_tokens=228 max_tokens=89
schedule item=122 offset=9.044308709s input_tokens=128 max_tokens=180
schedule item=123 offset=9.079880005s input_tokens=171 max_tokens=184
schedule item=124 offset=9.113307095s input_tokens=123 max_tokens=173
schedule item=125 offset=9.118098197s input_tokens=160 max_tokens=122
schedule item=126 offset=9.13147191s input_tokens=173 max_tokens=142
schedule item=127 offset=9.195018427s input_tokens=210 max_tokens=114
schedule item=128 offset=9.200145269s input_tokens=108 max_tokens=127
schedule item=129 offset=9.207201841s input_tokens=222 max_tokens=68
schedule item=130 offset=9.236813121s input_tokens=91 max_tokens=212
schedule item=131 offset=9.263551732s input_tokens=163 max_tokens=145
schedule item=132 offset=9.277141305s input_tokens=127 max_tokens=200
schedule item=133 offset=9.282754417s input_tokens=183 max_tokens=153
schedule item=134 offset=9.294425183s input_tokens=170 max_tokens=78
schedule item=135 offset=9.330023137s input_tokens=97 max_tokens=212
schedule item=136 offset=9.440193341s input_tokens=147 max_tokens=127
schedule item=137 offset=9.446829585s input_tokens=103 max_tokens=176
schedule item=138 offset=9.505702853s input_tokens=189 max_tokens=142
schedule item=139 offset=9.587799857s input_tokens=155 max_tokens=107
schedule item=140 offset=9.627930766s input_tokens=148 max_tokens=74
schedule item=141 offset=9.639781226s input_tokens=145 max_tokens=132
schedule item=142 offset=9.765390267s input_tokens=160 max_tokens=149
schedule item=143 offset=9.776413304s input_tokens=214 max_tokens=195
schedule item=144 offset=9.779825932s input_tokens=149 max_tokens=168
schedule item=145 offset=9.784396467s input_tokens=169 max_tokens=145
schedule item=146 offset=9.794295834s input_tokens=207 max_tokens=157
schedule item=147 offset=9.811407684s input_tokens=115 max_tokens=137
schedule item=148 offset=9.843550257s input_tokens=177 max_tokens=161
schedule item=149 offset=9.901863087s input_tokens=106 max_tokens=90
schedule item=150 offset=9.983519984s input_tokens=81 max_tokens=122
schedule item=151 offset=10.006607579s input_tokens=207 max_tokens=185
schedule item=152 offset=10.014548264s input_tokens=138 max_tokens=127
schedule item=153 offset=10.088036251s input_tokens=133 max_tokens=223
schedule item=154 offset=10.120805483s input_tokens=85 max_tokens=154
schedule item=155 offset=10.124660211s input_tokens=162 max_tokens=111
schedule item=156 offset=10.167468508s input_tokens=94 max_tokens=185
schedule item=157 offset=10.175067034s input_tokens=185 max_tokens=150
schedule item=158 offset=10.187893662s input_tokens=111 max_tokens=164
schedule item=159 offset=10.198289167s input_tokens=189 max_tokens=131
schedule item=160 offset=10.24722301s input_tokens=154 max_tokens=111
schedule item=161 offset=10.260676871s input_tokens=161 max_tokens=236
schedule item=162 offset=10.328270436s input_tokens=129 max_tokens=141
schedule item=163 offset=10.342734756s input_tokens=150 max_tokens=103
schedule item=164 offset=10.441817197s input_tokens=166 max_tokens=178
schedule item=165 offset=10.445130196s input_tokens=64 max_tokens=280
schedule item=166 offset=10.487133718s input_tokens=128 max_tokens=79
schedule item=167 offset=10.503504581s input_tokens=147 max_tokens=171
schedule item=168 offset=10.521282161s input_tokens=211 max_tokens=225
schedule item=169 offset=10.557349416s input_tokens=151 max_tokens=80
schedule item=170 offset=10.576810208s input_tokens=178 max_tokens=183
schedule item=171 offset=10.586642222s input_tokens=214 max_tokens=47
schedule item=172 offset=10.687240158s input_tokens=143 max_tokens=233
schedule item=173 offset=10.849346625s input_tokens=75 max_tokens=214
schedule item=174 offset=10.863492563s input_tokens=157 max_tokens=151
schedule item=175 offset=10.927383674s input_tokens=184 max_tokens=115
schedule item=176 offset=10.977198495s input_tokens=141 max_tokens=169
schedule item=177 offset=10.98122796s input_tokens=162 max_tokens=126
schedule item=178 offset=11.004140392s input_tokens=168 max_tokens=170
schedule item=179 offset=11.005386043s input_tokens=131 max_tokens=77
schedule item=180 offset=11.015734472s input_tokens=95 max_tokens=87
schedule item=181 offset=11.072929626s input_tokens=161 max_tokens=248
schedule item=182 offset=11.074781087s input_tokens=166 max_tokens=173
schedule item=183 offset=11.092892247s input_tokens=103 max_tokens=294
schedule item=184 offset=11.127709734s input_tokens=137 max_tokens=106
schedule item=185 offset=11.131669453s input_tokens=130 max_tokens=88
schedule item=186 offset=11.213068009s input_tokens=194 max_tokens=183
schedule item=187 offset=11.242457727s input_tokens=160 max_tokens=110
schedule item=188 offset=11.250425541s input_tokens=90 max_tokens=172
schedule item=189 offset=11.257225964s input_tokens=160 max_tokens=125
schedule item=190 offset=11.491154705s input_tokens=173 max_tokens=144
schedule item=191 offset=11.514742269s input_tokens=101 max_tokens=101
schedule item=192 offset=11.548880692s input_tokens=169 max_tokens=215
schedule item=193 offset=11.640517683s input_tokens=81 max_tokens=180
schedule item=194 offset=11.655218847s input_tokens=183 max_tokens=171
schedule item=195 offset=11.672909531s input_tokens=249 max_tokens=213
schedule item=196 offset=11.73481547s input_tokens=179 max_tokens=125
schedule item=197 offset=11.805073555s input_tokens=256 max_tokens=82
schedule item=198 offset=11.825833744s input_tokens=225 max_tokens=232
schedule item=199 offset=11.91884258s input_tokens=137 max_tokens=96
schedule item=200 offset=11.938656957s input_tokens=145 max_tokens=162
schedule item=201 offset=11.939062941s input_tokens=111 max_tokens=161
schedule item=202 offset=11.985435626s input_tokens=102 max_tokens=141
schedule item=203 offset=12.105573786s input_tokens=104 max_tokens=199
schedule item=204 offset=12.148694254s input_tokens=89 max_tokens=194
schedule item=205 offset=12.195288399s input_tokens=124 max_tokens=135
schedule item=206 offset=12.200723729s input_tokens=136 max_tokens=148
schedule item=207 offset=12.27449535s input_tokens=94 max_tokens=188
schedule item=208 offset=12.310778442s input_tokens=133 max_tokens=125
schedule item=209 offset=12.346058426s input_tokens=188 max_tokens=130
schedule item=210 offset=12.460803686s input_tokens=164 max_tokens=171
schedule item=211 offset=12.503257538s input_tokens=117 max_tokens=168
schedule item=212 offset=12.529125215s input_tokens=204 max_tokens=208
schedule item=213 offset=12.558220444s input_tokens=217 max_tokens=172
schedule item=214 offset=12.580429862s input_tokens=144 max_tokens=187
schedule item=215 offset=12.641974132s input_tokens=142 max_tokens=169
schedule item=216 offset=12.654047039s input_tokens=129 max_tokens=226
schedule item=217 offset=12.832144508s input_tokens=167 max_tokens=144
schedule item=218 offset=12.906147861s input_tokens=222 max_tokens=146
schedule item=219 offset=12.927053138s input_tokens=109 max_tokens=180
schedule item=220 offset=12.990797826s input_tokens=67 max_tokens=160
schedule item=221 offset=13.039767813s input_tokens=84 max_tokens=194
schedule item=222 offset=13.069005355s input_tokens=208 max_tokens=185
schedule item=223 offset=13.090098994s input_tokens=196 max_tokens=196
schedule item=224 offset=13.161039898s input_tokens=172 max_tokens=173
schedule item=225 offset=13.165671297s input_tokens=129 max_tokens=101
schedule item=226 offset=13.198240061s input_tokens=147 max_tokens=163
schedule item=227 offset=13.204741335s input_tokens=138 max_tokens=117
schedule item=228 offset=13.222580098s input_tokens=158 max_tokens=200
schedule item=229 offset=13.226226558s input_tokens=98 max_tokens=33
schedule item=230 offset=13.230538021s input_tokens=202 max_tokens=130
schedule item=231 offset=13.253306893s input_tokens=190 max_tokens=142
schedule item=232 offset=13.335328679s input_tokens=212 max_tokens=75
schedule item=233 offset=13.374941967s input_tokens=200 max_tokens=143
schedule item=234 offset=13.43649363s input_tokens=127 max_tokens=168
schedule item=235 offset=13.448505289s input_tokens=158 max_tokens=156
schedule item=236 offset=13.500282386s input_tokens=44 max_tokens=159
schedule item=237 offset=13.522539969s input_tokens=159 max_tokens=104
schedule item=238 offset=13.539955498s input_tokens=163 max_tokens=257
schedule item=239 offset=13.564710223s input_tokens=181 max_tokens=157
schedule item=240 offset=13.596511067s input_tokens=86 max_tokens=166
schedule item=241 offset=13.619331686s input_tokens=121 max_tokens=121
schedule item=242 offset=13.624314073s input_tokens=126 max_tokens=154
schedule item=243 offset=13.634963347s input_tokens=127 max_tokens=186
schedule item=244 offset=13.675108263s input_tokens=149 max_tokens=102
schedule item=245 offset=13.696430346s input_tokens=161 max_tokens=155
schedule item=246 offset=13.804576659s input_tokens=141 max_tokens=132
schedule item=247 offset=13.806556692s input_tokens=222 max_tokens=151
schedule item=248 offset=13.92426167s input_tokens=186 max_tokens=106
schedule item=249 offset=13.953124563s input_tokens=127 max_tokens=123
schedule item=250 offset=14.071510473s input_tokens=180 max_tokens=164
schedule item=251 offset=14.109713929s input_tokens=152 max_tokens=224
schedule item=252 offset=14.376398315s input_tokens=186 max_tokens=187
schedule item=253 offset=14.507625933s input_tokens=195 max_tokens=288
schedule item=254 offset=14.539908589s input_tokens=257 max_tokens=148
schedule item=255 offset=14.548091333s input_tokens=153 max_tokens=215
schedule item=256 offset=14.57362161s input_tokens=169 max_tokens=109
schedule item=257 offset=14.615152778s input_tokens=225 max_tokens=218
schedule item=258 offset=14.644919589s input_tokens=99 max_tokens=212
schedule item=259 offset=14.668154149s input_tokens=87 max_tokens=120
schedule item=260 offset=14.689634482s input_tokens=123 max_tokens=197
schedule item=261 offset=14.704527366s input_tokens=98 max_tokens=147
schedule item=262 offset=14.712041267s input_tokens=100 max_tokens=207
schedule item=263 offset=14.768329692s input_tokens=93 max_tokens=190
schedule item=264 offset=14.797840934s input_tokens=168 max_tokens=55
schedule item=265 offset=14.927047363s input_tokens=103 max_tokens=155
schedule item=266 offset=14.957123815s input_tokens=223 max_tokens=203
schedule item=267 offset=14.959855751s input_tokens=207 max_tokens=159
schedule item=268 offset=15.010472306s input_tokens=146 max_tokens=269
schedule item=269 offset=15.033029295s input_tokens=143 max_tokens=197
schedule item=270 offset=15.077528973s input_tokens=78 max_tokens=166
schedule item=271 offset=15.158221281s input_tokens=138 max_tokens=107
schedule item=272 offset=15.166821299s input_tokens=117 max_tokens=182
schedule item=273 offset=15.233323965s input_tokens=148 max_tokens=65
schedule item=274 offset=15.253459705s input_tokens=132 max_tokens=172
schedule item=275 offset=15.26667121s input_tokens=152 max_tokens=192
schedule item=276 offset=15.273427393s input_tokens=159 max_tokens=143
schedule item=277 offset=15.333451144s input_tokens=121 max_tokens=111
schedule item=278 offset=15.37542997s input_tokens=147 max_tokens=173
schedule item=279 offset=15.412365568s input_tokens=163 max_tokens=184
schedule item=280 offset=15.438026113s input_tokens=118 max_tokens=131
schedule item=281 offset=15.442902787s input_tokens=140 max_tokens=90
schedule item=282 offset=15.444164211s input_tokens=186 max_tokens=220
schedule item=283 offset=15.471621468s input_tokens=142 max_tokens=116
schedule item=284 offset=15.515888069s input_tokens=207 max_tokens=217
schedule item=285 offset=15.532394551s input_tokens=199 max_tokens=196
schedule item=286 offset=15.544492793s input_tokens=183 max_tokens=154
schedule item=287 offset=15.586192355s input_tokens=145 max_tokens=106
schedule item=288 offset=15.605537611s input_tokens=96 max_tokens=70
schedule item=289 offset=15.61961859s input_tokens=104 max_tokens=90
schedule item=290 offset=15.676493486s input_tokens=150 max_tokens=159
schedule item=291 offset=15.740448007s input_tokens=185 max_tokens=208
schedule item=292 offset=15.769610069s input_tokens=102 max_tokens=109
schedule item=293 offset=15.774851815s input_tokens=151 max_tokens=136
schedule item=294 offset=15.850917335s input_tokens=93 max_tokens=195
schedule item=295 offset=15.920230259s input_tokens=69 max_tokens=171
schedule item=296 offset=15.925419974s input_tokens=242 max_tokens=140
schedule item=297 offset=16.032738284s input_tokens=72 max_tokens=223
schedule item=298 offset=16.151736507s input_tokens=111 max_tokens=149
schedule item=299 offset=16.168395019s input_tokens=146 max_tokens=216
schedule item=300 offset=16.225655964s input_tokens=90 max_tokens=208
schedule item=301 offset=16.251516209s input_tokens=128 max_tokens=141
schedule item=302 offset=16.267797433s input_tokens=202 max_tokens=180
schedule item=303 offset=16.317357076s input_tokens=208 max_tokens=178
schedule item=304 offset=16.342381504s input_tokens=166 max_tokens=140
schedule item=305 offset=16.377981347s input_tokens=199 max_tokens=250
schedule item=306 offset=16.380971845s input_tokens=140 max_tokens=85
schedule item=307 offset=16.508355448s input_tokens=166 max_tokens=157
schedule item=308 offset=16.520133988s input_tokens=133 max_tokens=138
schedule item=309 offset=16.543433675s input_tokens=193 max_tokens=107
schedule item=310 offset=16.571948386s input_tokens=180 max_tokens=120
schedule item=311 offset=16.575304533s input_tokens=95 max_tokens=134
schedule item=312 offset=16.653368683s input_tokens=239 max_tokens=157
schedule item=313 offset=16.667569755s input_tokens=191 max_tokens=149
schedule item=314 offset=16.73127183s input_tokens=161 max_tokens=99
schedule item=315 offset=16.751649608s input_tokens=154 max_tokens=168
schedule item=316 offset=16.80451114s input_tokens=163 max_tokens=70
schedule item=317 offset=16.839291091s input_tokens=205 max_tokens=108
schedule item=318 offset=16.853832509s input_tokens=150 max_tokens=158
schedule item=319 offset=16.886145455s input_tokens=131 max_tokens=179
schedule item=320 offset=16.892293882s input_tokens=133 max_tokens=252
schedule item=321 offset=16.897206229s input_tokens=70 max_tokens=166
schedule item=322 offset=16.928013706s input_tokens=79 max_tokens=211
schedule item=323 offset=17.034126648s input_tokens=92 max_tokens=152
schedule item=324 offset=17.104850033s input_tokens=123 max_tokens=142
schedule item=325 offset=17.110272083s input_tokens=195 max_tokens=177
schedule item=326 offset=17.121371339s input_tokens=182 max_tokens=128
schedule item=327 offset=17.142119533s input_tokens=143 max_tokens=112
schedule item=328 offset=17.166342635s input_tokens=130 max_tokens=142
schedule item=329 offset=17.183231915s input_tokens=122 max_tokens=142
schedule item=330 offset=17.184488069s input_tokens=133 max_tokens=40
schedule item=331 offset=17.19441769s input_tokens=157 max_tokens=121
schedule item=332 offset=17.258357808s input_tokens=111 max_tokens=89
schedule item=333 offset=17.366929449s input_tokens=157 max_tokens=157
schedule item=334 offset=17.380011769s input_tokens=188 max_tokens=176
schedule item=335 offset=17.386216001s input_tokens=167 max_tokens=144
schedule item=336 offset=17.418111745s input_tokens=208 max_tokens=157
schedule item=337 offset=17.423309028s input_tokens=102 max_tokens=92
schedule item=338 offset=17.447439168s input_tokens=94 max_tokens=157
schedule item=339 offset=17.447891342s input_tokens=170 max_tokens=141
schedule item=340 offset=17.480793697s input_tokens=150 max_tokens=110
schedule item=341 offset=17.612363697s input_tokens=162 max_tokens=122
schedule item=342 offset=17.620584253s input_tokens=196 max_tokens=186
schedule item=343 offset=17.708630434s input_tokens=159 max_tokens=143
schedule item=344 offset=17.721127747s input_tokens=258 max_tokens=191
schedule item=345 offset=17.737148955s input_tokens=133 max_tokens=136
schedule item=346 offset=17.746637355s input_tokens=83 max_tokens=208
schedule item=347 offset=17.759421057s input_tokens=220 max_tokens=193
schedule item=348 offset=17.810195512s input_tokens=190 max_tokens=112
schedule item=349 offset=17.860972204s input_tokens=176 max_tokens=16
schedule item=350 offset=17.861734551s input_tokens=133 max_tokens=136
schedule item=351 offset=18.045800798s input_tokens=177 max_tokens=290
schedule item=352 offset=18.061092641s input_tokens=216 max_tokens=216
schedule item=353 offset=18.097896648s input_tokens=185 max_tokens=143
schedule item=354 offset=18.09850646s input_tokens=209 max_tokens=150
schedule item=355 offset=18.131100325s input_tokens=140 max_tokens=136
schedule item=356 offset=18.133760551s input_tokens=196 max_tokens=130
schedule item=357 offset=18.207379378s input_tokens=140 max_tokens=201
schedule item=358 offset=18.237549108s input_tokens=171 max_tokens=205
schedule item=359 offset=18.298126634s input_tokens=196 max_tokens=162
schedule item=360 offset=18.311740318s input_tokens=99 max_tokens=190
schedule item=361 offset=18.313260693s input_tokens=194 max_tokens=168
schedule item=362 offset=18.322909578s input_tokens=83 max_tokens=130
schedule item=363 offset=18.386377985s input_tokens=143 max_tokens=151
schedule item=364 offset=18.420907707s input_tokens=101 max_tokens=202
schedule item=365 offset=18.531113161s input_tokens=184 max_tokens=96
schedule item=366 offset=18.547021944s input_tokens=141 max_tokens=135
schedule item=367 offset=18.609610684s input_tokens=102 max_tokens=119
schedule item=368 offset=18.647413556s input_tokens=126 max_tokens=76
schedule item=369 offset=18.649942479s input_tokens=135 max_tokens=144
schedule item=370 offset=18.680147532s input_tokens=191 max_tokens=101
schedule item=371 offset=18.702744942s input_tokens=145 max_tokens=54
schedule item=372 offset=18.704729195s input_tokens=161 max_tokens=212
schedule item=373 offset=18.720294167s input_tokens=22 max_tokens=126
schedule item=374 offset=18.721007435s input_tokens=173 max_tokens=175
schedule item=375 offset=18.735590393s input_tokens=162 max_tokens=167
schedule item=376 offset=18.846879341s input_tokens=185 max_tokens=239
schedule item=377 offset=18.926641874s input_tokens=183 max_tokens=146
schedule item=378 offset=18.963077005s input_tokens=156 max_tokens=165
schedule item=379 offset=18.993468835s input_tokens=172 max_tokens=163
schedule item=380 offset=19.116068582s input_tokens=154 max_tokens=189
schedule item=381 offset=19.163770991s input_tokens=85 max_tokens=178
schedule item=382 offset=19.166511637s input_tokens=92 max_tokens=216
schedule item=383 offset=19.172452044s input_tokens=175 max_tokens=157
schedule item=384 offset=19.310454554s input_tokens=165 max_tokens=190
schedule item=385 offset=19.317006361s input_tokens=119 max_tokens=40
schedule item=386 offset=19.454758577s input_tokens=154 max_tokens=119
schedule item=387 offset=19.461230532s input_tokens=183 max_tokens=120
schedule item=388 offset=19.4688485s input_tokens=214 max_tokens=177
schedule item=389 offset=19.589758312s input_tokens=128 max_tokens=120
schedule item=390 offset=19.623980639s input_tokens=162 max_tokens=143
schedule item=391 offset=19.636757937s input_tokens=151 max_tokens=160
schedule item=392 offset=19.702320862s input_tokens=242 max_tokens=130
schedule item=393 offset=19.770766789s input_tokens=97 max_tokens=24
schedule item=394 offset=19.851471719s input_tokens=170 max_tokens=61
schedule item=395 offset=19.890325404s input_tokens=127 max_tokens=134
schedule item=396 offset=19.891178226s input_tokens=225 max_tokens=191
schedule item=397 offset=19.911355938s input_tokens=144 max_tokens=115
schedule item=398 offset=19.966387366s input_tokens=125 max_tokens=174
epoch=2026-07-12T01:45:28.995303Z
request item=0 id=fs06-run-r1-000000 status=ok send_slip=1.855139ms body_sha256=3827ba3b913a97262b085b1422d9cb08dbfaff2471339a8045aa2995a9e7b9c2
request item=5 id=fs06-run-r1-000005 status=shed send_slip=1.039062ms body_sha256=
request item=10 id=fs06-run-r1-000010 status=shed send_slip=1.142299ms body_sha256=
request item=6 id=fs06-run-r1-000006 status=shed send_slip=1.600024ms body_sha256=
request item=7 id=fs06-run-r1-000007 status=shed send_slip=674.313µs body_sha256=
request item=8 id=fs06-run-r1-000008 status=shed send_slip=884.07µs body_sha256=
request item=9 id=fs06-run-r1-000009 status=shed send_slip=1.435218ms body_sha256=
request item=11 id=fs06-run-r1-000011 status=shed send_slip=1.215948ms body_sha256=
request item=16 id=fs06-run-r1-000016 status=shed send_slip=1.016266ms body_sha256=
request item=17 id=fs06-run-r1-000017 status=shed send_slip=361.259µs body_sha256=
request item=18 id=fs06-run-r1-000018 status=shed send_slip=596.056µs body_sha256=
request item=19 id=fs06-run-r1-000019 status=shed send_slip=1.154923ms body_sha256=
request item=20 id=fs06-run-r1-000020 status=shed send_slip=272.218µs body_sha256=
request item=21 id=fs06-run-r1-000021 status=shed send_slip=1.265625ms body_sha256=
request item=22 id=fs06-run-r1-000022 status=shed send_slip=385.654µs body_sha256=
request item=12 id=fs06-run-r1-000012 status=shed send_slip=1.316605ms body_sha256=
request item=24 id=fs06-run-r1-000024 status=shed send_slip=637.351µs body_sha256=
request item=25 id=fs06-run-r1-000025 status=shed send_slip=685.882µs body_sha256=
request item=26 id=fs06-run-r1-000026 status=shed send_slip=948.472µs body_sha256=
request item=27 id=fs06-run-r1-000027 status=shed send_slip=614.937µs body_sha256=
request item=28 id=fs06-run-r1-000028 status=shed send_slip=1.373829ms body_sha256=
request item=13 id=fs06-run-r1-000013 status=shed send_slip=578.839µs body_sha256=
request item=30 id=fs06-run-r1-000030 status=shed send_slip=370.397µs body_sha256=
request item=31 id=fs06-run-r1-000031 status=shed send_slip=329.945µs body_sha256=
request item=32 id=fs06-run-r1-000032 status=shed send_slip=935.833µs body_sha256=
request item=33 id=fs06-run-r1-000033 status=shed send_slip=498.305µs body_sha256=
request item=34 id=fs06-run-r1-000034 status=shed send_slip=1.272835ms body_sha256=
request item=35 id=fs06-run-r1-000035 status=shed send_slip=1.109265ms body_sha256=
request item=36 id=fs06-run-r1-000036 status=shed send_slip=1.027443ms body_sha256=
request item=37 id=fs06-run-r1-000037 status=shed send_slip=347.947µs body_sha256=
request item=14 id=fs06-run-r1-000014 status=shed send_slip=290.903µs body_sha256=
request item=15 id=fs06-run-r1-000015 status=shed send_slip=1.076701ms body_sha256=
request item=40 id=fs06-run-r1-000040 status=shed send_slip=492.572µs body_sha256=
request item=41 id=fs06-run-r1-000041 status=shed send_slip=777.011µs body_sha256=
request item=42 id=fs06-run-r1-000042 status=shed send_slip=876.457µs body_sha256=
request item=43 id=fs06-run-r1-000043 status=shed send_slip=1.120847ms body_sha256=
request item=44 id=fs06-run-r1-000044 status=shed send_slip=698.927µs body_sha256=
request item=23 id=fs06-run-r1-000023 status=shed send_slip=555.619µs body_sha256=
request item=46 id=fs06-run-r1-000046 status=shed send_slip=1.080024ms body_sha256=
request item=47 id=fs06-run-r1-000047 status=shed send_slip=594.639µs body_sha256=
request item=48 id=fs06-run-r1-000048 status=shed send_slip=740.343µs body_sha256=
request item=49 id=fs06-run-r1-000049 status=shed send_slip=678.137µs body_sha256=
request item=50 id=fs06-run-r1-000050 status=shed send_slip=1.14139ms body_sha256=
request item=51 id=fs06-run-r1-000051 status=shed send_slip=729.01µs body_sha256=
request item=52 id=fs06-run-r1-000052 status=shed send_slip=818.836µs body_sha256=
request item=53 id=fs06-run-r1-000053 status=shed send_slip=674.66µs body_sha256=
request item=29 id=fs06-run-r1-000029 status=shed send_slip=461.156µs body_sha256=
request item=55 id=fs06-run-r1-000055 status=shed send_slip=786.522µs body_sha256=
request item=56 id=fs06-run-r1-000056 status=shed send_slip=1.292884ms body_sha256=
request item=57 id=fs06-run-r1-000057 status=shed send_slip=937.449µs body_sha256=
request item=58 id=fs06-run-r1-000058 status=shed send_slip=780.667µs body_sha256=
request item=59 id=fs06-run-r1-000059 status=shed send_slip=572.152µs body_sha256=
request item=60 id=fs06-run-r1-000060 status=shed send_slip=708.378µs body_sha256=
request item=61 id=fs06-run-r1-000061 status=shed send_slip=729.961µs body_sha256=
request item=62 id=fs06-run-r1-000062 status=shed send_slip=348.089µs body_sha256=
request item=63 id=fs06-run-r1-000063 status=shed send_slip=1.017281ms body_sha256=
request item=64 id=fs06-run-r1-000064 status=shed send_slip=1.414951ms body_sha256=
request item=65 id=fs06-run-r1-000065 status=shed send_slip=323.608µs body_sha256=
request item=38 id=fs06-run-r1-000038 status=shed send_slip=400.282µs body_sha256=
request item=39 id=fs06-run-r1-000039 status=shed send_slip=202.736µs body_sha256=
request item=4 id=fs06-run-r1-000004 status=ok send_slip=800.723µs body_sha256=1e9a546d4fd2d4d7d99464b771ac64fb2adaef839d218eea04e5791937ca6fc1
request item=69 id=fs06-run-r1-000069 status=shed send_slip=1.334404ms body_sha256=
request item=71 id=fs06-run-r1-000071 status=shed send_slip=164.672µs body_sha256=
request item=70 id=fs06-run-r1-000070 status=shed send_slip=931.244µs body_sha256=
request item=72 id=fs06-run-r1-000072 status=shed send_slip=270.726µs body_sha256=
request item=73 id=fs06-run-r1-000073 status=shed send_slip=583.706µs body_sha256=
request item=74 id=fs06-run-r1-000074 status=shed send_slip=1.187077ms body_sha256=
request item=75 id=fs06-run-r1-000075 status=shed send_slip=974.31µs body_sha256=
request item=76 id=fs06-run-r1-000076 status=shed send_slip=312.676µs body_sha256=
request item=77 id=fs06-run-r1-000077 status=shed send_slip=834.237µs body_sha256=
request item=78 id=fs06-run-r1-000078 status=shed send_slip=879.643µs body_sha256=
request item=54 id=fs06-run-r1-000054 status=shed send_slip=766.796µs body_sha256=
request item=80 id=fs06-run-r1-000080 status=shed send_slip=600.955µs body_sha256=
request item=81 id=fs06-run-r1-000081 status=shed send_slip=859.512µs body_sha256=
request item=82 id=fs06-run-r1-000082 status=shed send_slip=1.084092ms body_sha256=
request item=83 id=fs06-run-r1-000083 status=shed send_slip=618.101µs body_sha256=
request item=84 id=fs06-run-r1-000084 status=shed send_slip=882.655µs body_sha256=
request item=85 id=fs06-run-r1-000085 status=shed send_slip=1.125746ms body_sha256=
request item=86 id=fs06-run-r1-000086 status=shed send_slip=1.272223ms body_sha256=
request item=87 id=fs06-run-r1-000087 status=shed send_slip=621.917µs body_sha256=
request item=88 id=fs06-run-r1-000088 status=shed send_slip=569.541µs body_sha256=
request item=89 id=fs06-run-r1-000089 status=shed send_slip=871.614µs body_sha256=
request item=90 id=fs06-run-r1-000090 status=shed send_slip=1.242223ms body_sha256=
request item=91 id=fs06-run-r1-000091 status=shed send_slip=1.015073ms body_sha256=
request item=92 id=fs06-run-r1-000092 status=shed send_slip=737.684µs body_sha256=
request item=93 id=fs06-run-r1-000093 status=shed send_slip=639.363µs body_sha256=
request item=66 id=fs06-run-r1-000066 status=shed send_slip=490.579µs body_sha256=
request item=67 id=fs06-run-r1-000067 status=shed send_slip=1.100945ms body_sha256=
request item=68 id=fs06-run-r1-000068 status=shed send_slip=867.089µs body_sha256=
request item=97 id=fs06-run-r1-000097 status=shed send_slip=654.597µs body_sha256=
request item=98 id=fs06-run-r1-000098 status=shed send_slip=727.694µs body_sha256=
request item=99 id=fs06-run-r1-000099 status=shed send_slip=1.272584ms body_sha256=
request item=100 id=fs06-run-r1-000100 status=shed send_slip=808.042µs body_sha256=
request item=101 id=fs06-run-r1-000101 status=shed send_slip=875.616µs body_sha256=
request item=102 id=fs06-run-r1-000102 status=shed send_slip=385.302µs body_sha256=
request item=103 id=fs06-run-r1-000103 status=shed send_slip=263.864µs body_sha256=
request item=104 id=fs06-run-r1-000104 status=shed send_slip=641.809µs body_sha256=
request item=105 id=fs06-run-r1-000105 status=shed send_slip=318.287µs body_sha256=
request item=106 id=fs06-run-r1-000106 status=shed send_slip=474.389µs body_sha256=
request item=107 id=fs06-run-r1-000107 status=shed send_slip=982.517µs body_sha256=
request item=108 id=fs06-run-r1-000108 status=shed send_slip=856.89µs body_sha256=
request item=109 id=fs06-run-r1-000109 status=shed send_slip=478.311µs body_sha256=
request item=110 id=fs06-run-r1-000110 status=shed send_slip=1.079903ms body_sha256=
request item=79 id=fs06-run-r1-000079 status=shed send_slip=1.123412ms body_sha256=
request item=112 id=fs06-run-r1-000112 status=shed send_slip=750.656µs body_sha256=
request item=113 id=fs06-run-r1-000113 status=shed send_slip=586.826µs body_sha256=
request item=114 id=fs06-run-r1-000114 status=shed send_slip=642.064µs body_sha256=
request item=115 id=fs06-run-r1-000115 status=shed send_slip=1.093492ms body_sha256=
request item=116 id=fs06-run-r1-000116 status=shed send_slip=1.144263ms body_sha256=
request item=117 id=fs06-run-r1-000117 status=shed send_slip=890.853µs body_sha256=
request item=118 id=fs06-run-r1-000118 status=shed send_slip=1.250928ms body_sha256=
request item=119 id=fs06-run-r1-000119 status=shed send_slip=1.083384ms body_sha256=
request item=120 id=fs06-run-r1-000120 status=shed send_slip=1.028368ms body_sha256=
request item=121 id=fs06-run-r1-000121 status=shed send_slip=510.694µs body_sha256=
request item=122 id=fs06-run-r1-000122 status=shed send_slip=545.157µs body_sha256=
request item=123 id=fs06-run-r1-000123 status=shed send_slip=993.5µs body_sha256=
request item=124 id=fs06-run-r1-000124 status=shed send_slip=806.081µs body_sha256=
request item=125 id=fs06-run-r1-000125 status=shed send_slip=478.384µs body_sha256=
request item=126 id=fs06-run-r1-000126 status=shed send_slip=590.045µs body_sha256=
request item=94 id=fs06-run-r1-000094 status=shed send_slip=1.116711ms body_sha256=
request item=128 id=fs06-run-r1-000128 status=shed send_slip=1.017532ms body_sha256=
request item=129 id=fs06-run-r1-000129 status=shed send_slip=951.768µs body_sha256=
request item=95 id=fs06-run-r1-000095 status=shed send_slip=612.257µs body_sha256=
request item=96 id=fs06-run-r1-000096 status=shed send_slip=745.694µs body_sha256=
request item=132 id=fs06-run-r1-000132 status=shed send_slip=395.259µs body_sha256=
request item=133 id=fs06-run-r1-000133 status=shed send_slip=1.186451ms body_sha256=
request item=134 id=fs06-run-r1-000134 status=shed send_slip=988.822µs body_sha256=
request item=135 id=fs06-run-r1-000135 status=shed send_slip=628.822µs body_sha256=
request item=136 id=fs06-run-r1-000136 status=shed send_slip=1.138412ms body_sha256=
request item=137 id=fs06-run-r1-000137 status=shed send_slip=906.905µs body_sha256=
request item=138 id=fs06-run-r1-000138 status=shed send_slip=312.575µs body_sha256=
request item=139 id=fs06-run-r1-000139 status=shed send_slip=1.005747ms body_sha256=
request item=140 id=fs06-run-r1-000140 status=shed send_slip=1.237779ms body_sha256=
request item=141 id=fs06-run-r1-000141 status=shed send_slip=1.270509ms body_sha256=
request item=142 id=fs06-run-r1-000142 status=shed send_slip=552.964µs body_sha256=
request item=143 id=fs06-run-r1-000143 status=shed send_slip=1.261809ms body_sha256=
request item=144 id=fs06-run-r1-000144 status=shed send_slip=209.586µs body_sha256=
request item=145 id=fs06-run-r1-000145 status=shed send_slip=899.06µs body_sha256=
request item=146 id=fs06-run-r1-000146 status=shed send_slip=1.338431ms body_sha256=
request item=111 id=fs06-run-r1-000111 status=shed send_slip=835.305µs body_sha256=
request item=148 id=fs06-run-r1-000148 status=shed send_slip=975.678µs body_sha256=
request item=149 id=fs06-run-r1-000149 status=shed send_slip=1.297793ms body_sha256=
request item=150 id=fs06-run-r1-000150 status=shed send_slip=1.189803ms body_sha256=
request item=151 id=fs06-run-r1-000151 status=shed send_slip=534.105µs body_sha256=
request item=152 id=fs06-run-r1-000152 status=shed send_slip=940.132µs body_sha256=
request item=153 id=fs06-run-r1-000153 status=shed send_slip=887.569µs body_sha256=
request item=154 id=fs06-run-r1-000154 status=shed send_slip=470.73µs body_sha256=
request item=155 id=fs06-run-r1-000155 status=shed send_slip=877.641µs body_sha256=
request item=156 id=fs06-run-r1-000156 status=shed send_slip=533.871µs body_sha256=
request item=157 id=fs06-run-r1-000157 status=shed send_slip=216.484µs body_sha256=
request item=158 id=fs06-run-r1-000158 status=shed send_slip=718.134µs body_sha256=
request item=127 id=fs06-run-r1-000127 status=shed send_slip=943.635µs body_sha256=
request item=130 id=fs06-run-r1-000130 status=shed send_slip=954.02µs body_sha256=
request item=161 id=fs06-run-r1-000161 status=shed send_slip=1.126277ms body_sha256=
request item=131 id=fs06-run-r1-000131 status=shed send_slip=773.773µs body_sha256=
request item=163 id=fs06-run-r1-000163 status=shed send_slip=985.882µs body_sha256=
request item=164 id=fs06-run-r1-000164 status=shed send_slip=1.311262ms body_sha256=
request item=165 id=fs06-run-r1-000165 status=shed send_slip=240.238µs body_sha256=
request item=166 id=fs06-run-r1-000166 status=shed send_slip=712.731µs body_sha256=
request item=167 id=fs06-run-r1-000167 status=shed send_slip=812.443µs body_sha256=
request item=168 id=fs06-run-r1-000168 status=shed send_slip=328.75µs body_sha256=
request item=169 id=fs06-run-r1-000169 status=shed send_slip=1.198682ms body_sha256=
request item=170 id=fs06-run-r1-000170 status=shed send_slip=1.252467ms body_sha256=
request item=171 id=fs06-run-r1-000171 status=shed send_slip=1.020021ms body_sha256=
request item=172 id=fs06-run-r1-000172 status=shed send_slip=1.0348ms body_sha256=
request item=147 id=fs06-run-r1-000147 status=shed send_slip=763.035µs body_sha256=
request item=174 id=fs06-run-r1-000174 status=shed send_slip=1.037596ms body_sha256=
request item=175 id=fs06-run-r1-000175 status=shed send_slip=541.58µs body_sha256=
request item=176 id=fs06-run-r1-000176 status=shed send_slip=1.13548ms body_sha256=
request item=177 id=fs06-run-r1-000177 status=shed send_slip=404.132µs body_sha256=
request item=178 id=fs06-run-r1-000178 status=shed send_slip=711.648µs body_sha256=
request item=179 id=fs06-run-r1-000179 status=shed send_slip=258.054µs body_sha256=
request item=180 id=fs06-run-r1-000180 status=shed send_slip=837.784µs body_sha256=
request item=181 id=fs06-run-r1-000181 status=shed send_slip=586.735µs body_sha256=
request item=182 id=fs06-run-r1-000182 status=shed send_slip=911.971µs body_sha256=
request item=183 id=fs06-run-r1-000183 status=shed send_slip=990.606µs body_sha256=
request item=184 id=fs06-run-r1-000184 status=shed send_slip=554.411µs body_sha256=
request item=185 id=fs06-run-r1-000185 status=shed send_slip=858.237µs body_sha256=
request item=159 id=fs06-run-r1-000159 status=shed send_slip=337.463µs body_sha256=
request item=187 id=fs06-run-r1-000187 status=shed send_slip=1.152747ms body_sha256=
request item=160 id=fs06-run-r1-000160 status=shed send_slip=273.542µs body_sha256=
request item=189 id=fs06-run-r1-000189 status=shed send_slip=458.43µs body_sha256=
request item=162 id=fs06-run-r1-000162 status=shed send_slip=1.810158ms body_sha256=
request item=191 id=fs06-run-r1-000191 status=shed send_slip=683.46µs body_sha256=
request item=192 id=fs06-run-r1-000192 status=shed send_slip=837.694µs body_sha256=
request item=193 id=fs06-run-r1-000193 status=shed send_slip=771.937µs body_sha256=
request item=194 id=fs06-run-r1-000194 status=shed send_slip=1.0798ms body_sha256=
request item=195 id=fs06-run-r1-000195 status=shed send_slip=1.041805ms body_sha256=
request item=196 id=fs06-run-r1-000196 status=shed send_slip=634.974µs body_sha256=
request item=197 id=fs06-run-r1-000197 status=shed send_slip=917.777µs body_sha256=
request item=198 id=fs06-run-r1-000198 status=shed send_slip=361.609µs body_sha256=
request item=173 id=fs06-run-r1-000173 status=shed send_slip=870.703µs body_sha256=
request item=201 id=fs06-run-r1-000201 status=shed send_slip=479.155µs body_sha256=
request item=200 id=fs06-run-r1-000200 status=shed send_slip=885.576µs body_sha256=
request item=202 id=fs06-run-r1-000202 status=shed send_slip=1.402144ms body_sha256=
request item=203 id=fs06-run-r1-000203 status=shed send_slip=836.391µs body_sha256=
request item=204 id=fs06-run-r1-000204 status=shed send_slip=1.057823ms body_sha256=
request item=205 id=fs06-run-r1-000205 status=shed send_slip=888.336µs body_sha256=
request item=206 id=fs06-run-r1-000206 status=shed send_slip=739.308µs body_sha256=
request item=186 id=fs06-run-r1-000186 status=shed send_slip=1.22961ms body_sha256=
request item=188 id=fs06-run-r1-000188 status=shed send_slip=989.261µs body_sha256=
request item=209 id=fs06-run-r1-000209 status=shed send_slip=801.66µs body_sha256=
request item=210 id=fs06-run-r1-000210 status=shed send_slip=914.07µs body_sha256=
request item=190 id=fs06-run-r1-000190 status=shed send_slip=1.190267ms body_sha256=
request item=212 id=fs06-run-r1-000212 status=shed send_slip=826.205µs body_sha256=
request item=213 id=fs06-run-r1-000213 status=shed send_slip=489.946µs body_sha256=
request item=214 id=fs06-run-r1-000214 status=shed send_slip=705.317µs body_sha256=
request item=215 id=fs06-run-r1-000215 status=shed send_slip=836.237µs body_sha256=
request item=216 id=fs06-run-r1-000216 status=shed send_slip=344.781µs body_sha256=
request item=217 id=fs06-run-r1-000217 status=shed send_slip=1.220233ms body_sha256=
request item=218 id=fs06-run-r1-000218 status=shed send_slip=883.905µs body_sha256=
request item=199 id=fs06-run-r1-000199 status=shed send_slip=437.238µs body_sha256=
request item=220 id=fs06-run-r1-000220 status=shed send_slip=677.363µs body_sha256=
request item=221 id=fs06-run-r1-000221 status=shed send_slip=1.176296ms body_sha256=
request item=222 id=fs06-run-r1-000222 status=shed send_slip=1.136195ms body_sha256=
request item=223 id=fs06-run-r1-000223 status=shed send_slip=4.868734ms body_sha256=
request item=224 id=fs06-run-r1-000224 status=shed send_slip=1.219259ms body_sha256=
request item=225 id=fs06-run-r1-000225 status=shed send_slip=893.457µs body_sha256=
request item=226 id=fs06-run-r1-000226 status=shed send_slip=736.345µs body_sha256=
request item=227 id=fs06-run-r1-000227 status=shed send_slip=518.922µs body_sha256=
request item=228 id=fs06-run-r1-000228 status=shed send_slip=1.345028ms body_sha256=
request item=229 id=fs06-run-r1-000229 status=shed send_slip=1.066021ms body_sha256=
request item=230 id=fs06-run-r1-000230 status=shed send_slip=963.537µs body_sha256=
request item=231 id=fs06-run-r1-000231 status=shed send_slip=817.012µs body_sha256=
request item=207 id=fs06-run-r1-000207 status=shed send_slip=1.293399ms body_sha256=
request item=208 id=fs06-run-r1-000208 status=shed send_slip=1.348685ms body_sha256=
request item=234 id=fs06-run-r1-000234 status=shed send_slip=1.123852ms body_sha256=
request item=235 id=fs06-run-r1-000235 status=shed send_slip=430.66µs body_sha256=
request item=236 id=fs06-run-r1-000236 status=shed send_slip=783.163µs body_sha256=
request item=211 id=fs06-run-r1-000211 status=shed send_slip=1.100285ms body_sha256=
request item=238 id=fs06-run-r1-000238 status=shed send_slip=885.095µs body_sha256=
request item=239 id=fs06-run-r1-000239 status=shed send_slip=639.589µs body_sha256=
request item=240 id=fs06-run-r1-000240 status=shed send_slip=1.358997ms body_sha256=
request item=241 id=fs06-run-r1-000241 status=shed send_slip=740.105µs body_sha256=
request item=242 id=fs06-run-r1-000242 status=shed send_slip=1.026158ms body_sha256=
request item=243 id=fs06-run-r1-000243 status=shed send_slip=477.944µs body_sha256=
request item=244 id=fs06-run-r1-000244 status=shed send_slip=684.988µs body_sha256=
request item=245 id=fs06-run-r1-000245 status=shed send_slip=562.303µs body_sha256=
request item=246 id=fs06-run-r1-000246 status=shed send_slip=888.372µs body_sha256=
request item=247 id=fs06-run-r1-000247 status=shed send_slip=145.739µs body_sha256=
request item=248 id=fs06-run-r1-000248 status=shed send_slip=1.096529ms body_sha256=
request item=219 id=fs06-run-r1-000219 status=shed send_slip=622.24µs body_sha256=
request item=250 id=fs06-run-r1-000250 status=shed send_slip=1.161193ms body_sha256=
request item=251 id=fs06-run-r1-000251 status=shed send_slip=1.365326ms body_sha256=
request item=232 id=fs06-run-r1-000232 status=shed send_slip=594.372µs body_sha256=
request item=233 id=fs06-run-r1-000233 status=shed send_slip=1.295074ms body_sha256=
request item=237 id=fs06-run-r1-000237 status=shed send_slip=1.090189ms body_sha256=
request item=255 id=fs06-run-r1-000255 status=shed send_slip=673.145µs body_sha256=
request item=256 id=fs06-run-r1-000256 status=shed send_slip=361.919µs body_sha256=
request item=257 id=fs06-run-r1-000257 status=shed send_slip=1.090676ms body_sha256=
request item=258 id=fs06-run-r1-000258 status=shed send_slip=471.083µs body_sha256=
request item=259 id=fs06-run-r1-000259 status=shed send_slip=1.433012ms body_sha256=
request item=260 id=fs06-run-r1-000260 status=shed send_slip=1.386211ms body_sha256=
request item=261 id=fs06-run-r1-000261 status=shed send_slip=988.13µs body_sha256=
request item=262 id=fs06-run-r1-000262 status=shed send_slip=683.534µs body_sha256=
request item=263 id=fs06-run-r1-000263 status=shed send_slip=1.342383ms body_sha256=
request item=264 id=fs06-run-r1-000264 status=shed send_slip=955.002µs body_sha256=
request item=265 id=fs06-run-r1-000265 status=shed send_slip=1.056708ms body_sha256=
request item=249 id=fs06-run-r1-000249 status=shed send_slip=1.049295ms body_sha256=
request item=267 id=fs06-run-r1-000267 status=shed send_slip=1.29856ms body_sha256=
request item=268 id=fs06-run-r1-000268 status=shed send_slip=942.453µs body_sha256=
request item=269 id=fs06-run-r1-000269 status=shed send_slip=722.345µs body_sha256=
request item=270 id=fs06-run-r1-000270 status=shed send_slip=1.298482ms body_sha256=
request item=271 id=fs06-run-r1-000271 status=shed send_slip=1.191339ms body_sha256=
request item=272 id=fs06-run-r1-000272 status=shed send_slip=971.921µs body_sha256=
request item=273 id=fs06-run-r1-000273 status=shed send_slip=1.287591ms body_sha256=
request item=274 id=fs06-run-r1-000274 status=shed send_slip=378.676µs body_sha256=
request item=275 id=fs06-run-r1-000275 status=shed send_slip=659.02µs body_sha256=
request item=276 id=fs06-run-r1-000276 status=shed send_slip=1.112829ms body_sha256=
request item=277 id=fs06-run-r1-000277 status=shed send_slip=327.808µs body_sha256=
request item=278 id=fs06-run-r1-000278 status=shed send_slip=527.43µs body_sha256=
request item=252 id=fs06-run-r1-000252 status=shed send_slip=493.591µs body_sha256=
request item=280 id=fs06-run-r1-000280 status=shed send_slip=1.033785ms body_sha256=
request item=281 id=fs06-run-r1-000281 status=shed send_slip=206.39µs body_sha256=
request item=282 id=fs06-run-r1-000282 status=shed send_slip=920.953µs body_sha256=
request item=283 id=fs06-run-r1-000283 status=shed send_slip=498.821µs body_sha256=
request item=253 id=fs06-run-r1-000253 status=shed send_slip=1.157797ms body_sha256=
request item=285 id=fs06-run-r1-000285 status=shed send_slip=840.741µs body_sha256=
request item=254 id=fs06-run-r1-000254 status=shed send_slip=679.715µs body_sha256=
request item=287 id=fs06-run-r1-000287 status=shed send_slip=1.289826ms body_sha256=
request item=288 id=fs06-run-r1-000288 status=shed send_slip=1.218249ms body_sha256=
request item=289 id=fs06-run-r1-000289 status=shed send_slip=503.021µs body_sha256=
request item=290 id=fs06-run-r1-000290 status=shed send_slip=1.354804ms body_sha256=
request item=291 id=fs06-run-r1-000291 status=shed send_slip=1.015304ms body_sha256=
request item=292 id=fs06-run-r1-000292 status=shed send_slip=1.122849ms body_sha256=
request item=293 id=fs06-run-r1-000293 status=shed send_slip=929.206µs body_sha256=
request item=294 id=fs06-run-r1-000294 status=shed send_slip=376.883µs body_sha256=
request item=295 id=fs06-run-r1-000295 status=shed send_slip=929.448µs body_sha256=
request item=296 id=fs06-run-r1-000296 status=shed send_slip=855.409µs body_sha256=
request item=266 id=fs06-run-r1-000266 status=shed send_slip=1.186608ms body_sha256=
request item=298 id=fs06-run-r1-000298 status=shed send_slip=1.271225ms body_sha256=
request item=299 id=fs06-run-r1-000299 status=shed send_slip=363.026µs body_sha256=
request item=300 id=fs06-run-r1-000300 status=shed send_slip=555.347µs body_sha256=
request item=301 id=fs06-run-r1-000301 status=shed send_slip=1.057483ms body_sha256=
request item=302 id=fs06-run-r1-000302 status=shed send_slip=1.301492ms body_sha256=
request item=303 id=fs06-run-r1-000303 status=shed send_slip=1.066005ms body_sha256=
request item=304 id=fs06-run-r1-000304 status=shed send_slip=1.085084ms body_sha256=
request item=305 id=fs06-run-r1-000305 status=shed send_slip=723.96µs body_sha256=
request item=306 id=fs06-run-r1-000306 status=shed send_slip=1.11751ms body_sha256=
request item=279 id=fs06-run-r1-000279 status=shed send_slip=542.658µs body_sha256=
request item=284 id=fs06-run-r1-000284 status=shed send_slip=787.343µs body_sha256=
request item=309 id=fs06-run-r1-000309 status=shed send_slip=1.283425ms body_sha256=
request item=286 id=fs06-run-r1-000286 status=shed send_slip=521.869µs body_sha256=
request item=311 id=fs06-run-r1-000311 status=shed send_slip=741.949µs body_sha256=
request item=312 id=fs06-run-r1-000312 status=shed send_slip=737.253µs body_sha256=
request item=313 id=fs06-run-r1-000313 status=shed send_slip=1.004864ms body_sha256=
request item=314 id=fs06-run-r1-000314 status=shed send_slip=667.4µs body_sha256=
request item=315 id=fs06-run-r1-000315 status=shed send_slip=601.383µs body_sha256=
request item=316 id=fs06-run-r1-000316 status=shed send_slip=635.941µs body_sha256=
request item=317 id=fs06-run-r1-000317 status=shed send_slip=1.177161ms body_sha256=
request item=318 id=fs06-run-r1-000318 status=shed send_slip=964.085µs body_sha256=
request item=319 id=fs06-run-r1-000319 status=shed send_slip=1.004612ms body_sha256=
request item=320 id=fs06-run-r1-000320 status=shed send_slip=1.137821ms body_sha256=
request item=321 id=fs06-run-r1-000321 status=shed send_slip=1.084405ms body_sha256=
request item=322 id=fs06-run-r1-000322 status=shed send_slip=985.732µs body_sha256=
request item=297 id=fs06-run-r1-000297 status=shed send_slip=838.631µs body_sha256=
request item=324 id=fs06-run-r1-000324 status=shed send_slip=1.100046ms body_sha256=
request item=325 id=fs06-run-r1-000325 status=shed send_slip=810.736µs body_sha256=
request item=326 id=fs06-run-r1-000326 status=shed send_slip=672.538µs body_sha256=
request item=327 id=fs06-run-r1-000327 status=shed send_slip=1.40728ms body_sha256=
request item=328 id=fs06-run-r1-000328 status=shed send_slip=1.064374ms body_sha256=
request item=329 id=fs06-run-r1-000329 status=shed send_slip=436.768µs body_sha256=
request item=330 id=fs06-run-r1-000330 status=shed send_slip=1.28477ms body_sha256=
request item=331 id=fs06-run-r1-000331 status=shed send_slip=668.498µs body_sha256=
request item=332 id=fs06-run-r1-000332 status=shed send_slip=380.231µs body_sha256=
request item=333 id=fs06-run-r1-000333 status=shed send_slip=921.25µs body_sha256=
request item=334 id=fs06-run-r1-000334 status=shed send_slip=1.001973ms body_sha256=
request item=335 id=fs06-run-r1-000335 status=shed send_slip=953.41µs body_sha256=
request item=336 id=fs06-run-r1-000336 status=shed send_slip=287.162µs body_sha256=
request item=337 id=fs06-run-r1-000337 status=shed send_slip=200.302µs body_sha256=
request item=338 id=fs06-run-r1-000338 status=shed send_slip=1.264649ms body_sha256=
request item=339 id=fs06-run-r1-000339 status=shed send_slip=727.554µs body_sha256=
request item=340 id=fs06-run-r1-000340 status=shed send_slip=894.354µs body_sha256=
request item=307 id=fs06-run-r1-000307 status=shed send_slip=1.250967ms body_sha256=
request item=308 id=fs06-run-r1-000308 status=shed send_slip=378.271µs body_sha256=
request item=310 id=fs06-run-r1-000310 status=shed send_slip=775.423µs body_sha256=
request item=344 id=fs06-run-r1-000344 status=shed send_slip=1.110871ms body_sha256=
request item=345 id=fs06-run-r1-000345 status=shed send_slip=671.979µs body_sha256=
request item=346 id=fs06-run-r1-000346 status=shed send_slip=469.592µs body_sha256=
request item=347 id=fs06-run-r1-000347 status=shed send_slip=979.368µs body_sha256=
request item=348 id=fs06-run-r1-000348 status=shed send_slip=252.485µs body_sha256=
request item=350 id=fs06-run-r1-000350 status=shed send_slip=163.002µs body_sha256=
request item=349 id=fs06-run-r1-000349 status=shed send_slip=955.546µs body_sha256=
request item=323 id=fs06-run-r1-000323 status=shed send_slip=1.073525ms body_sha256=
request item=352 id=fs06-run-r1-000352 status=shed send_slip=534.559µs body_sha256=
request item=353 id=fs06-run-r1-000353 status=shed send_slip=817.59µs body_sha256=
request item=354 id=fs06-run-r1-000354 status=shed send_slip=213.62µs body_sha256=
request item=355 id=fs06-run-r1-000355 status=shed send_slip=1.0504ms body_sha256=
request item=356 id=fs06-run-r1-000356 status=shed send_slip=469.688µs body_sha256=
request item=357 id=fs06-run-r1-000357 status=shed send_slip=1.197161ms body_sha256=
request item=358 id=fs06-run-r1-000358 status=shed send_slip=282.938µs body_sha256=
request item=359 id=fs06-run-r1-000359 status=shed send_slip=390.644µs body_sha256=
request item=360 id=fs06-run-r1-000360 status=shed send_slip=1.045642ms body_sha256=
request item=361 id=fs06-run-r1-000361 status=shed send_slip=408.98µs body_sha256=
request item=362 id=fs06-run-r1-000362 status=shed send_slip=695.017µs body_sha256=
request item=363 id=fs06-run-r1-000363 status=shed send_slip=289.044µs body_sha256=
request item=364 id=fs06-run-r1-000364 status=shed send_slip=1.191562ms body_sha256=
request item=365 id=fs06-run-r1-000365 status=shed send_slip=1.484839ms body_sha256=
request item=366 id=fs06-run-r1-000366 status=shed send_slip=365.821µs body_sha256=
request item=367 id=fs06-run-r1-000367 status=shed send_slip=1.036702ms body_sha256=
request item=341 id=fs06-run-r1-000341 status=shed send_slip=715.16µs body_sha256=
request item=342 id=fs06-run-r1-000342 status=shed send_slip=751.469µs body_sha256=
request item=370 id=fs06-run-r1-000370 status=shed send_slip=733.027µs body_sha256=
request item=371 id=fs06-run-r1-000371 status=shed send_slip=462.981µs body_sha256=
request item=372 id=fs06-run-r1-000372 status=shed send_slip=330.604µs body_sha256=
request item=343 id=fs06-run-r1-000343 status=shed send_slip=421.316µs body_sha256=
request item=373 id=fs06-run-r1-000373 status=shed send_slip=1.246925ms body_sha256=
request item=375 id=fs06-run-r1-000375 status=shed send_slip=570.358µs body_sha256=
request item=376 id=fs06-run-r1-000376 status=shed send_slip=754.422µs body_sha256=
request item=377 id=fs06-run-r1-000377 status=shed send_slip=619.468µs body_sha256=
request item=1 id=fs06-run-r1-000001 status=ok send_slip=1.054785ms body_sha256=e108b2339e3cd785510155922ff46efffaeb3aa56bbc6094269d83cb07bb91d6
request item=379 id=fs06-run-r1-000379 status=shed send_slip=744.547µs body_sha256=
request item=380 id=fs06-run-r1-000380 status=shed send_slip=1.080159ms body_sha256=
request item=381 id=fs06-run-r1-000381 status=shed send_slip=1.124659ms body_sha256=
request item=382 id=fs06-run-r1-000382 status=shed send_slip=597.628µs body_sha256=
request item=383 id=fs06-run-r1-000383 status=shed send_slip=821.209µs body_sha256=
request item=384 id=fs06-run-r1-000384 status=shed send_slip=647.247µs body_sha256=
request item=385 id=fs06-run-r1-000385 status=shed send_slip=1.179175ms body_sha256=
request item=386 id=fs06-run-r1-000386 status=shed send_slip=486.376µs body_sha256=
request item=387 id=fs06-run-r1-000387 status=shed send_slip=414.464µs body_sha256=
request item=388 id=fs06-run-r1-000388 status=shed send_slip=1.032187ms body_sha256=
request item=389 id=fs06-run-r1-000389 status=shed send_slip=1.205009ms body_sha256=
request item=390 id=fs06-run-r1-000390 status=shed send_slip=393.122µs body_sha256=
request item=391 id=fs06-run-r1-000391 status=shed send_slip=729.411µs body_sha256=
request item=368 id=fs06-run-r1-000368 status=shed send_slip=1.262863ms body_sha256=
request item=369 id=fs06-run-r1-000369 status=shed send_slip=1.000934ms body_sha256=
request item=374 id=fs06-run-r1-000374 status=shed send_slip=516.858µs body_sha256=
request item=395 id=fs06-run-r1-000395 status=shed send_slip=315.563µs body_sha256=
request item=396 id=fs06-run-r1-000396 status=shed send_slip=745.19µs body_sha256=
request item=397 id=fs06-run-r1-000397 status=shed send_slip=372.805µs body_sha256=
request item=378 id=fs06-run-r1-000378 status=shed send_slip=771.586µs body_sha256=
request item=392 id=fs06-run-r1-000392 status=shed send_slip=1.245273ms body_sha256=
request item=393 id=fs06-run-r1-000393 status=shed send_slip=578.578µs body_sha256=
request item=394 id=fs06-run-r1-000394 status=shed send_slip=311.546µs body_sha256=
request item=398 id=fs06-run-r1-000398 status=shed send_slip=1.227049ms body_sha256=
request item=2 id=fs06-run-r1-000002 status=error send_slip=426.769µs body_sha256=498a295d2f25e261c6def8d2d7830e6d26c17c453eb4571d8934a1db7ebacac2
request item=3 id=fs06-run-r1-000003 status=error send_slip=1.486028ms body_sha256=2d677d077b153070e56ed3cf94688e1b6082433f1103604449cb6d348a05dbf9
request item=45 id=fs06-run-r1-000045 status=error send_slip=1.293025ms body_sha256=0fffc96353d40e0098cc3d36ee807ab3dbf9eb2eba4702f7fe4bbf23a8a47238
request item=351 id=fs06-run-r1-000351 status=error send_slip=841.212µs body_sha256=0f0e9e17625e9aa6644beb0df2b2c60d50cd9fcf0074572e3d63411e6033e149
summary sent=399 ok=3 errors=4 shed=392 canceled=0 cancel_planned=0 slow_planned=0 max_dispatch_slip=4.652562ms max_send_slip=4.868734ms usage_missing=0 wall=48.962s
